# Note: Make sure the fonts you want are all in /usr/share/fonts,
# not their subfolders. Remove the fonts that you don't want from
# this list.
[Aiken14] (Aiken) <14>
[Apple_II_40_Column] (Apple II 40 Column) <9>
[Apple_II_80_Column] (Apple II 80 Column) <18>
[CFuturo-15] (C-Futuro) <15>
[Chalk-18] (Chalk) <18>
[Chalkboard] (Chalkboard) <12>
[Chicago] (Chicago) <12> {+2}
[Chixa-14] (Chixa) <14> {-1}
[ComicSansMS] (Comic Sans MS) <12>
[ComicSansMS-Bold] (Comic Sans MS Bold) <12>
[Commodore_diamond_12] (Diamond) <12> {+2}
[EspySans-13] (Espy Sans) <10>
[GadgetRegular] (Gadget) <12>
[GPalatino-12] (GPalatino) <12>
[GPalatino-14] (GPalatino) <14>
[LiorahBT-Regular-12] (Liorah) <12>
[LisaWrite_Paper] (LisaWrite Paper) <12>
[Los_Angeles] (Los Angeles) <12>
[LucidaGrande] (Lucida Grande) <12>
[MyriadPro-12] (Myriad) <12>
[Commodore_opal_9] (Opal) <9> {+1}
[UmlautLlama_onyx_9] (Onyx) <9>
[Commodore_opal_9_dbl] (Opal Double) <18> {+1}
[UmlautLlama_peridot_7] (Peridot) <7> {+1}
[Sabine_Doscbthm] (Sabine Doscbthm) <9>
[Sabine_Doscbthm_Black] (Sabine Doscbthm Black) <9>
[Sabine_Doscbthm_Script] (Sabine Doscbthm Script) <9>
[Sabine_Doscbthm_Serif] (Sabine Doscbthm Serif) <9>
[Sabine_Doscbthm_Smallcaps] (Sabine Doscbthm Smallcaps) <9>
[SeaChelUnicode] (SeaChel) <9>
[Sempach] (Sempach) <9>
[Sempach-12] (Sempach II) <12>
[Some_Acronym] (Some Acronym) <9>
[Commodore_topaz_8] (Topaz) <8>
[Commodore_topaz_8_dbl] (Topaz Doubled) <16> {+1}
[Commodore_topaz2_8] (Topaz Sans) <8>
[Commodore_topaz2_8_dbl] (Topaz Sans Doubled) <16> {+1}
[Twiggy] (Twiggy) <12>
[Unifont] (Unifont) <12>
